HTTP/1.1 200 OK
Wed, 25 Sep 2013 20:39:46 GMT
Server:  CSUC HTTP
Content-Type: text/html
Content-Length: 104

<html>
  <head>
    <title>Nested Folders</title>
  </head>
  <body>
    <h1>FUN!</h1>
  </body>
</html>
