
HTTP/1.1 404 Not Found
Wed, 25 Sep 2013 20:36:48 GMT
Server:  CSUC HTTP
