HTTP/1.1 200 OK
Wed, 25 Sep 2013 20:36:23 GMT
Server:  CSUC HTTP
Content-Type: image/jpeg
Content-Length: 1817


