
HTTP/1.1 501 Not Implemented
Wed, 25 Sep 2013 20:38:57 GMT
Server:  CSUC HTTP
